// Jest Snapshot v1, https://goo.gl/fbAQLP

exports[`HabitTable component Renders static elements 1`] = `
<div
  className="mb-3"
>
  <HabitHeader
    isReadOnly={true}
  />
  <HabitRows
    habits={Array []}
    isReadOnly={true}
    toggleDayHabit={[Function]}
    updateHabit={[Function]}
  />
</div>
`;
