// Jest Snapshot v1, https://goo.gl/fbAQLP

exports[`App component Renders static elements 1`] = `
<div>
  <Router>
    <Layout
      default={true}
      path="/habit-geek"
    >
      <Connect(Dashboard)
        default={true}
        path="/habit-geek/habits"
      />
      <Connect(User)
        path="/habit-geek/profile"
      />
      <Connect(User)
        path="/habit-geek/login"
      />
      <ForgotPassword
        path="/habit-geek/forgotpassword"
      />
      <Connect(SignUp)
        path="/habit-geek/signup"
      />
      <Connect(History)
        path="/habit-geek/history"
      />
    </Layout>
  </Router>
</div>
`;
