// Jest Snapshot v1, https://goo.gl/fbAQLP

exports[`Profile component Renders static elements 1`] = `
<form
  className="mobile-size-container "
  noValidate={true}
  onSubmit={[Function]}
>
  <h2>
    profile-title
  </h2>
  <div
    className="mb-3"
  >
    <label
      htmlFor="profile-name"
    >
      profile-name
    </label>
    <input
      className="form-control"
      id="profile-name"
      onChange={[Function]}
      required={true}
      value="rafa"
    />
    <div
      className="invalid-feedback"
    >
      profile-name-validation
    </div>
  </div>
  <div
    className="mb-3"
  >
    <label
      htmlFor="profile-avatar"
    >
      profile-avatar
    </label>
    <div
      className="input-group profile__avatar-container"
    >
      <img
        alt="profile-avatar-alt-desc"
        className="profile__avatar "
        key="avatar-0"
        onClick={[Function]}
        src="001-burglar.svg"
      />
      <img
        alt="profile-avatar-alt-desc"
        className="profile__avatar profile__avatar--selected"
        key="avatar-1"
        onClick={[Function]}
        src="002-woman.svg"
      />
      <img
        alt="profile-avatar-alt-desc"
        className="profile__avatar "
        key="avatar-2"
        onClick={[Function]}
        src="003-superhero.svg"
      />
      <img
        alt="profile-avatar-alt-desc"
        className="profile__avatar "
        key="avatar-3"
        onClick={[Function]}
        src="004-robot.svg"
      />
      <img
        alt="profile-avatar-alt-desc"
        className="profile__avatar "
        key="avatar-4"
        onClick={[Function]}
        src="005-dragon.svg"
      />
      <img
        alt="profile-avatar-alt-desc"
        className="profile__avatar "
        key="avatar-5"
        onClick={[Function]}
        src="006-cyborg.svg"
      />
    </div>
  </div>
  <hr
    className="mb-4"
  />
  <button
    className="btn btn-primary btn-lg btn-block"
    type="submit"
  >
    profile-save
  </button>
</form>
`;
