// Jest Snapshot v1, https://goo.gl/fbAQLP

exports[`SignUp component Renders static elements 1`] = `
<div
  className="mobile-size-container"
>
  <form
    className=""
    noValidate={true}
    onSubmit={[Function]}
  >
    <h2>
      sign-up-title
    </h2>
    <UserForm
      email=""
      password=""
      setEmail={[Function]}
      setPassword={[Function]}
    />
    <hr
      className="mb-4"
    />
    <button
      className="btn btn-primary btn-lg btn-block"
      type="submit"
    >
      sign-up-sign-up
    </button>
  </form>
  <div>
    sign-up-go-to-login-label
    <button
      className="px-0 btn btn-link"
      onClick={[Function]}
    >
      sign-up-go-to-login
    </button>
  </div>
</div>
`;
