// Jest Snapshot v1, https://goo.gl/fbAQLP

exports[`DashboardWeekHeader component Renders static elements 1`] = `
<button
  onClick={[Function]}
>
  back
</button>
`;

exports[`DashboardWeekHeader component doesn't show buttons to change week when there are no previous weeks 1`] = `"Just this week"`;
