// Jest Snapshot v1, https://goo.gl/fbAQLP

exports[`History component Don't show anything if historical weeks are empty 1`] = `
<div
  className="history large-size-container"
>
  <h2
    className="mb-3 history__empty-data"
  >
    history-title-empty-data
  </h2>
</div>
`;

exports[`History component Renders static elements 1`] = `
<div
  className="history large-size-container"
>
  <h2
    className="mb-3"
  >
    history-title
  </h2>
  <div
    id="history-accordion"
  >
    <div
      className="card"
      key="history-habit-y1w1"
    >
      <div
        className="card-header history__header"
        id="history-habit-header-y1w1"
      >
        <button
          aria-controls="history-habit-content-y1w1"
          aria-expanded="True"
          className="btn btn-secondary history__header-button"
          onClick={[Function]}
        >
          week-description 1: 31/- - 6/d
        </button>
      </div>
      <div
        aria-labelledby="history-habit-header-y1w1"
        className="collapse show"
        id="history-habit-content-y1w1"
      >
        <div
          className="card-body"
        >
          <HabitTable
            habits={
              Array [
                Object {},
              ]
            }
            isReadOnly={true}
            key="history-habit-table-y1w1"
            toggleDayHabit={[Function]}
          />
        </div>
      </div>
    </div>
    <div
      className="card"
      key="history-habit-y1w2"
    >
      <div
        className="card-header history__header"
        id="history-habit-header-y1w2"
      >
        <button
          aria-controls="history-habit-content-y1w2"
          aria-expanded="False"
          className="btn btn-secondary history__header-button"
          onClick={[Function]}
        >
          week-description 2: 7/d - 13/d
        </button>
      </div>
      <div
        aria-labelledby="history-habit-header-y1w2"
        className="collapse "
        id="history-habit-content-y1w2"
      >
        <div
          className="card-body"
        >
          <HabitTable
            habits={
              Array [
                Object {},
              ]
            }
            isReadOnly={true}
            key="history-habit-table-y1w2"
            toggleDayHabit={[Function]}
          />
        </div>
      </div>
    </div>
  </div>
</div>
`;
