// Jest Snapshot v1, https://goo.gl/fbAQLP

exports[`History component Don't show anything if historical weeks are empty 1`] = `
<div
  className="large-size-container"
>
  <h2
    className="mb-3"
  >
    You just started, come back next week!
  </h2>
</div>
`;

exports[`History component Renders static elements 1`] = `
<div
  className="large-size-container"
>
  <h2
    className="mb-3"
  >
    Here is your progress so far:
  </h2>
  <div
    id="history-accordion"
  >
    <div
      className="card"
      key="history-habit-1"
    >
      <div
        className="card-header history__header"
        id="history-habit-header-1"
      >
        <button
          aria-controls="history-habit-content-1"
          aria-expanded="True"
          className="btn btn-secondary history__header-button"
          onClick={[Function]}
        >
          Week 1 of 1
        </button>
      </div>
      <div
        aria-labelledby="history-habit-header-1"
        className="collapse show"
        id="history-habit-content-1"
      >
        <div
          className="card-body"
        >
          <HabitTable
            habits={
              Array [
                Object {},
              ]
            }
            isReadOnly={true}
            key="history-habit-table-1"
            toggleDayHabit={[Function]}
          />
        </div>
      </div>
    </div>
    <div
      className="card"
      key="history-habit-2"
    >
      <div
        className="card-header history__header"
        id="history-habit-header-2"
      >
        <button
          aria-controls="history-habit-content-2"
          aria-expanded="False"
          className="btn btn-secondary history__header-button"
          onClick={[Function]}
        >
          Week 2 of 1
        </button>
      </div>
      <div
        aria-labelledby="history-habit-header-2"
        className="collapse "
        id="history-habit-content-2"
      >
        <div
          className="card-body"
        >
          <HabitTable
            habits={
              Array [
                Object {},
              ]
            }
            isReadOnly={true}
            key="history-habit-table-2"
            toggleDayHabit={[Function]}
          />
        </div>
      </div>
    </div>
  </div>
</div>
`;
